2025-12-01 12:45:42,971 INFO: Found 0 active reminders [in M:\new healthmate\HealthMate\backend\services\notification_scheduler.py:88]
2025-12-01 12:45:42,986 INFO: ROLLBACK [in M:\new healthmate\HealthMate\backend\venv\lib\site-packages\sqlalchemy\engine\base.py:1126]
2025-12-01 12:45:43,284 INFO: Job "check_and_send_notifications (trigger: interval[0:01:00], next run at: 2025-12-01 12:46:42 IST)" executed successfully [in M:\new healthmate\HealthMate\backend\venv\lib\site-packages\apscheduler\executors\base.py:156]
2025-12-01 12:46:42,592 INFO: Running job "check_and_send_notifications (trigger: interval[0:01:00], next run at: 2025-12-01 12:47:42 IST)" (scheduled at 2025-12-01 12:46:42.588440+05:30) [in M:\new healthmate\HealthMate\backend\venv\lib\site-packages\apscheduler\executors\base.py:129]
2025-12-01 12:46:42,594 INFO: Checking notifications at 12:46 on 2025-12-01 [in M:\new healthmate\HealthMate\backend\services\notification_scheduler.py:80]
2025-12-01 12:46:42,595 INFO: BEGIN (implicit) [in M:\new healthmate\HealthMate\backend\venv\lib\site-packages\sqlalchemy\engine\base.py:1094]
2025-12-01 12:46:42,595 INFO: SELECT medication_reminders.id AS medication_reminders_id, medication_reminders.user_id AS medication_reminders_user_id, medication_reminders.medicine_name AS medication_reminders_medicine_name, medication_reminders.dosage AS medication_reminders_dosage, medication_reminders.reminder_times AS medication_reminders_reminder_times, medication_reminders.frequency AS medication_reminders_frequency, medication_reminders.start_date AS medication_reminders_start_date, medication_reminders.end_date AS medication_reminders_end_date, medication_reminders.created_at AS medication_reminders_created_at 
FROM medication_reminders 
WHERE medication_reminders.start_date <= %(start_date_1)s AND medication_reminders.end_date >= %(end_date_1)s [in M:\new healthmate\HealthMate\backend\venv\lib\site-packages\sqlalchemy\engine\base.py:1899]
2025-12-01 12:46:42,596 INFO: [cached since 360s ago] {'start_date_1': '2025-12-01', 'end_date_1': '2025-12-01'} [in M:\new healthmate\HealthMate\backend\venv\lib\site-packages\sqlalchemy\engine\base.py:1904]
2025-12-01 12:46:42,813 INFO: Found 0 active reminders [in M:\new healthmate\HealthMate\backend\services\notification_scheduler.py:88]
2025-12-01 12:46:42,814 INFO: ROLLBACK [in M:\new healthmate\HealthMate\backend\venv\lib\site-packages\sqlalchemy\engine\base.py:1126]
2025-12-01 12:46:42,908 INFO: Job "check_and_send_notifications (trigger: interval[0:01:00], next run at: 2025-12-01 12:47:42 IST)" executed successfully [in M:\new healthmate\HealthMate\backend\venv\lib\site-packages\apscheduler\executors\base.py:156]
2025-12-01 12:47:42,590 INFO: Running job "check_and_send_notifications (trigger: interval[0:01:00], next run at: 2025-12-01 12:48:42 IST)" (scheduled at 2025-12-01 12:47:42.588440+05:30) [in M:\new healthmate\HealthMate\backend\venv\lib\site-packages\apscheduler\executors\base.py:129]
2025-12-01 12:47:42,591 INFO: Checking notifications at 12:47 on 2025-12-01 [in M:\new healthmate\HealthMate\backend\services\notification_scheduler.py:80]
2025-12-01 12:47:42,593 INFO: BEGIN (implicit) [in M:\new healthmate\HealthMate\backend\venv\lib\site-packages\sqlalchemy\engine\base.py:1094]
2025-12-01 12:47:42,594 INFO: SELECT medication_reminders.id AS medication_reminders_id, medication_reminders.user_id AS medication_reminders_user_id, medication_reminders.medicine_name AS medication_reminders_medicine_name, medication_reminders.dosage AS medication_reminders_dosage, medication_reminders.reminder_times AS medication_reminders_reminder_times, medication_reminders.frequency AS medication_reminders_frequency, medication_reminders.start_date AS medication_reminders_start_date, medication_reminders.end_date AS medication_reminders_end_date, medication_reminders.created_at AS medication_reminders_created_at 
FROM medication_reminders 
WHERE medication_reminders.start_date <= %(start_date_1)s AND medication_reminders.end_date >= %(end_date_1)s [in M:\new healthmate\HealthMate\backend\venv\lib\site-packages\sqlalchemy\engine\base.py:1899]
2025-12-01 12:47:42,595 INFO: [cached since 420s ago] {'start_date_1': '2025-12-01', 'end_date_1': '2025-12-01'} [in M:\new healthmate\HealthMate\backend\venv\lib\site-packages\sqlalchemy\engine\base.py:1904]
2025-12-01 12:47:43,653 INFO: Found 0 active reminders [in M:\new healthmate\HealthMate\backend\services\notification_scheduler.py:88]
2025-12-01 12:47:43,653 INFO: ROLLBACK [in M:\new healthmate\HealthMate\backend\venv\lib\site-packages\sqlalchemy\engine\base.py:1126]
2025-12-01 12:47:44,026 INFO: Job "check_and_send_notifications (trigger: interval[0:01:00], next run at: 2025-12-01 12:48:42 IST)" executed successfully [in M:\new healthmate\HealthMate\backend\venv\lib\site-packages\apscheduler\executors\base.py:156]
